Wed Nov 26 04:41:25 PM EST 2025 - Installation of pacackes: 
Wed Nov 26 04:41:25 PM EST 2025 - Install everything
Wed Nov 26 04:41:34 PM EST 2025 - Install everything
Wed Nov 26 04:41:35 PM EST 2025 - Install everything
Wed Nov 26 04:41:35 PM EST 2025 - Install everything
Wed Nov 26 04:41:35 PM EST 2025 - Creation of config folders:
Wed Nov 26 04:41:35 PM EST 2025 - Folder /home/ababiy/.config created.
Wed Nov 26 04:55:19 PM EST 2025 - Installation of pacackes: 
Wed Nov 26 04:55:19 PM EST 2025 - Install everything
Wed Nov 26 04:55:19 PM EST 2025 - Install everything
Wed Nov 26 04:55:19 PM EST 2025 - Install everything
Wed Nov 26 04:55:19 PM EST 2025 - Install everything
Wed Nov 26 04:55:19 PM EST 2025 - Creation of config folders:
Wed Nov 26 05:00:46 PM EST 2025 - Installation of pacackes: 
Wed Nov 26 05:00:46 PM EST 2025 - Install everything
Wed Nov 26 05:00:46 PM EST 2025 - Install everything
Wed Nov 26 05:00:47 PM EST 2025 - Install everything
Wed Nov 26 05:00:47 PM EST 2025 - Install everything
Wed Nov 26 05:00:47 PM EST 2025 - Creation of config folders:
Wed Nov 26 05:09:54 PM EST 2025 - Installation of pacackes: 
Wed Nov 26 05:09:54 PM EST 2025 - Install everything
Wed Nov 26 05:09:54 PM EST 2025 - Install everything
Wed Nov 26 05:09:55 PM EST 2025 - Install everything
Wed Nov 26 05:09:55 PM EST 2025 - Install everything
Wed Nov 26 05:09:55 PM EST 2025 - Creation of config folders:
Wed Nov 26 05:36:19 PM EST 2025 - Installation of packages:
Wed Nov 26 05:36:19 PM EST 2025 - Install everything
Wed Nov 26 05:36:23 PM EST 2025 - Install everything
Wed Nov 26 05:36:24 PM EST 2025 - Install everything
Wed Nov 26 05:36:24 PM EST 2025 - Install everything
Wed Nov 26 05:36:24 PM EST 2025 - Creation of config folder for current user:
Mon Dec  1 00:23:58 EST 2025 - Installation of packages:
Mon Dec  1 00:23:58 EST 2025 - Install everything
Mon Dec  1 00:23:58 EST 2025 - Install everything
Mon Dec  1 00:24:03 EST 2025 - Install everything
Mon Dec  1 00:24:03 EST 2025 - Install everything
Mon Dec  1 00:24:11 EST 2025 - Install everything
Mon Dec  1 00:24:11 EST 2025 - Install everything
Mon Dec  1 00:24:11 EST 2025 - Creation of config folder for current user:
Mon Dec  1 00:29:12 EST 2025 - Installation of packages:
Mon Dec  1 00:29:12 EST 2025 - Skipping ./packages/curl.sh. Not present in the arguments.
Mon Dec  1 00:29:12 EST 2025 - Skipping ./packages/neovim.sh. Not present in the arguments.
Mon Dec  1 00:29:12 EST 2025 - Skipping ./packages/oh-my-zsh.sh. Not present in the arguments.
Mon Dec  1 00:29:12 EST 2025 - Skipping ./packages/spaceship.sh. Not present in the arguments.
Mon Dec  1 00:29:12 EST 2025 - Skipping ./packages/stow.sh. Not present in the arguments.
Mon Dec  1 00:29:12 EST 2025 - Skipping ./packages/zsh.sh. Not present in the arguments.
Mon Dec  1 00:29:12 EST 2025 - Creation of config folder for current user:
Mon Dec  1 00:35:26 EST 2025 - Installation of packages:
Mon Dec  1 00:35:26 EST 2025 - Skipping ./packages/curl.sh. Not present in the arguments.
Mon Dec  1 00:35:26 EST 2025 - Skipping ./packages/neovim.sh. Not present in the arguments.
Mon Dec  1 00:35:26 EST 2025 - Skipping ./packages/oh-my-zsh.sh. Not present in the arguments.
Mon Dec  1 00:35:33 EST 2025 - Skipping ./packages/stow.sh. Not present in the arguments.
Mon Dec  1 00:35:33 EST 2025 - Skipping ./packages/zsh.sh. Not present in the arguments.
Mon Dec  1 00:35:33 EST 2025 - Creation of config folder for current user:
Mon Dec  1 00:42:42 EST 2025 - Installation of packages:
Mon Dec  1 00:42:42 EST 2025 - Skipping ./packages/curl.sh. Not present in the arguments.
Mon Dec  1 00:42:42 EST 2025 - Skipping ./packages/neovim.sh. Not present in the arguments.
Mon Dec  1 00:42:42 EST 2025 - Skipping ./packages/oh-my-zsh.sh. Not present in the arguments.
Mon Dec  1 00:42:48 EST 2025 - Skipping ./packages/stow.sh. Not present in the arguments.
Mon Dec  1 00:42:48 EST 2025 - Skipping ./packages/zsh.sh. Not present in the arguments.
Mon Dec  1 00:42:48 EST 2025 - Creation of config folder for current user:
